// Jest Snapshot v1, https://goo.gl/fbAQLP

exports[`App component renders the component 1`] = `
<div
  className="App"
  id="App"
>
  <div
    className="page-host"
  >
    <div
      className="close drawer-container"
      id="sidebar"
      onClick={[Function]}
      onKeyPress={[Function]}
      role="button"
      tabIndex={0}
    >
      <div
        className="drawer"
        style={
          {
            "backgroundColor": "#505050",
          }
        }
      >
        <div
          className="nav-list"
        >
          <a
            href="tel:5404447337"
            style={
              {
                "backgroundColor": "#881204",
                "color": "#fff",
                "display": "block",
                "height": "72px",
                "marginTop": "-1px",
                "paddingTop": "4px",
                "textDecoration": "none",
              }
            }
          >
            <h4
              className="material-header-h4-call"
              style={
                {
                  "marginRight": "280px",
                  "paddingBottom": 0,
                  "textAlign": "center",
                  "width": "200px",
                }
              }
            >
              Call
              <br />
              540-444-7337
            </h4>
          </a>
          <div
            className="menu-item"
            style={
              {
                "backgroundColor": "black",
                "margin": "8px",
              }
            }
          >
            <p
              style={
                {
                  "color": "#fff",
                  "marginBottom": "2px",
                }
              }
            >
              <a
                className="menu-hover"
                href="https://goo.gl/maps/5G47ib81DGj7o2gk9"
                style={
                  {
                    "color": "#45c9ff",
                    "textDecoration": "none",
                  }
                }
              >
                <span>
                  1601 Apperson Drive
                </span>
              </a>
              <br />
              Salem, VA 24153
            </p>
          </div>
          <div
            className="menu-item"
          >
            <a
              className="nav-link"
              href="/auto-maintenance"
              onClick={[Function]}
            >
              <i
                className=""
              />
               
              <span
                className="nav-item"
              >
                Auto Maintenance
              </span>
            </a>
          </div>
          <div
            className="menu-item"
          >
            <a
              className="nav-link"
              href="/general-auto-repair"
              onClick={[Function]}
            >
              <i
                className=""
              />
               
              <span
                className="nav-item"
              >
                General Auto Repair
              </span>
            </a>
          </div>
          <div
            className="menu-item"
          >
            <a
              className="nav-link"
              href="/major-auto-repair"
              onClick={[Function]}
            >
              <i
                className=""
              />
               
              <span
                className="nav-item"
              >
                Major Auto Repair
              </span>
            </a>
          </div>
          <div
            className="menu-item"
          >
            <a
              className="nav-link"
              href="/contact"
              onClick={[Function]}
            >
              <i
                className=""
              />
               
              <span
                className="nav-item"
              >
                Contact
              </span>
            </a>
          </div>
          <div
            className="menu-item"
          >
            <a
              className="nav-link"
              href="/"
              onClick={[Function]}
            >
              <i
                className=""
              />
               
              <span
                className="nav-item"
              >
                Home
              </span>
            </a>
          </div>
        </div>
      </div>
    </div>
    <div
      className="main-panel"
    >
      <span
        id="mobilemenutoggle"
        onClick={[Function]}
        onKeyPress={[Function]}
        role="button"
        tabIndex={0}
      >
        <i
          className="fas fa-bars fa-2x"
        />
      </span>
      <div
        className="mainPanel"
      >
        <div
          className="swipe-area"
        />
        <div
          className="material-header"
          id="header"
        >
          <div
            className="headercontent"
          />
          <div>
            <div
              style={
                {
                  "marginLeft": "5px",
                  "marginTop": "-15px",
                }
              }
            >
              <img
                alt="headerlogo"
                className="style-scope iron-image"
                id="ig"
                src="https://dl.dropboxusercontent.com/s/qg69q7f5so4aqsb/appAutoLogo.png?dl=0"
                width="742px"
              />
            </div>
          </div>
        </div>
        <div
          className="content-block"
          id="contentBlock"
          style={
            {
              "width": "auto",
            }
          }
        >
          <div>
            <div
              className="container-fluid"
            >
              <span
                className="top"
              />
              <div
                className="row"
              >
                <div
                  className="col"
                  style={
                    {
                      "marginLeft": "15px",
                      "paddingRight": "6px",
                      "top": "0",
                    }
                  }
                >
                  <h4
                    className="pagetitle"
                    style={
                      {
                        "fontSize": "16pt",
                        "fontWeight": "bold",
                        "marginTop": "25px",
                      }
                    }
                  >
                    Your one stop auto shop where honesty, quality work, and fair pricing are guaranteed
                  </h4>
                  <p>
                     
                  </p>
                  <div>
                    <p>
                      Are you looking for well qualified mechanics? Look no further!
                      <br />
                      We have more than
                       
                      <strong>
                        150 years of combined experience
                      </strong>
                      !
                    </p>
                    <p>
                      Take advantage of our
                      <br />
                      <strong>
                        FREE high mileage / vacation vehicle check over
                      </strong>
                      .
                    </p>
                  </div>
                  <h4
                    style={
                      {
                        "marginTop": "40px",
                      }
                    }
                  >
                    Apperson Automotive - Salem, VA Auto Repair Service
                  </h4>
                  <p>
                    <strong>
                      Quality service for your vehicle (not limited to):
                    </strong>
                  </p>
                  <ul>
                    <li>
                      State inspections
                    </li>
                    <li>
                      Alignments
                    </li>
                    <li>
                      Tune ups
                    </li>
                    <li>
                      Oil changes
                    </li>
                    <li>
                      Coolant flush
                    </li>
                  </ul>
                  <div>
                    <p>
                      <strong>
                        Get to Know Apperson Automotive:
                      </strong>
                    </p>
                    <ul>
                      <li>
                        <a
                          href="/auto-maintenance"
                          title="Apperson Automotive Auto Maintenance"
                        >
                          Auto Maintenance
                        </a>
                         
                        – Let us handle your oil change, coolant flushes, alignments, and more
                      </li>
                      <li>
                        <a
                          href="/general-auto-repair"
                          title="Apperson Automotive General Auto Repair"
                        >
                          General Auto Repair
                        </a>
                         
                        – General repairs for includes (not limited to) brake calipers, window motors, regulators, and starters
                      </li>
                      <li>
                        <a
                          href="/major-auto-repair"
                          title="Apperson Automotive Major Auto Repair"
                        >
                          Major Auto Repair
                        </a>
                         
                        – We’ll handle your steering rack issues, intake gasket repairs, heat and air system problems, and much more
                      </li>
                    </ul>
                    <p>
                      We’ll repair any make or model vehicle you have.
                    </p>
                    <p>
                      To schedule your FREE high mileage or vacation vehicle check over, call Apperson Automotive at
                       
                      <a
                        href="tel:5404447337"
                        style={
                          {
                            "textDecoration": "none",
                          }
                        }
                      >
                        540-444-7337
                      </a>
                      <br />
                      You can also stop by at 1601 Apperson Drive, Salem VA 24153.
                    </p>
                  </div>
                </div>
              </div>
            </div>
          </div>
          <div
            className="footer"
            id="wjfooter"
            style={
              {
                "bottom": "0",
                "marginTop": "20px",
                "paddingBottom": "20px",
                "paddingTop": "20px",
              }
            }
          >
            <div
              className="footerLinks"
              style={
                {
                  "padding": "6px",
                  "textAlign": "center",
                }
              }
            >
              <a
                href="https://www.facebook.com/pages/Apperson-Automotive/361511727202422"
              >
                <i
                  aria-hidden="true"
                  className="fab fa-facebook-square fa-2x"
                  style={
                    {
                      "color": "#45c9ff",
                    }
                  }
                />
              </a>
              <a
                href="https://www.yellowpages.com/salem-va/mip/apperson-automotive-482421530"
                style={
                  {
                    "marginLeft": "40px",
                  }
                }
              >
                <img
                  alt="yellowpages"
                  src="https://insightmg.com/wp-content/uploads/2015/12/YP_Insight-Marketing-Group_Marketing-for-Medical-Practices.png"
                  style={
                    {
                      "marginBottom": "15px",
                      "verticalAlign": "middle",
                    }
                  }
                  width="40px"
                />
              </a>
              <a
                href="https://www.yelp.com/biz/apperson-automotive-salem"
                style={
                  {
                    "marginLeft": "30px",
                  }
                }
              >
                <img
                  alt="yelp"
                  src="https://dl.dropboxusercontent.com/s/pb5qn5wyps6k56t/yelp-logo-icon-7.jpg?dl=0"
                  style={
                    {
                      "marginBottom": "15px",
                      "verticalAlign": "middle",
                    }
                  }
                  width="40px"
                />
              </a>
            </div>
            <div
              style={
                {
                  "padding": "6px",
                  "textAlign": "center",
                }
              }
            >
              <span
                className="nohover"
              >
                Powered by  
              </span>
              <a
                className="wjllc"
                href="https://www.web-jam.com"
                rel="noopener noreferrer"
                target="_blank"
              >
                Web Jam LLC
              </a>
            </div>
          </div>
        </div>
      </div>
    </div>
  </div>
</div>
`;
