// Vitest Snapshot v1, https://vitest.dev/guide/snapshot.html

exports[`App component > renders the component 1`] = `
<div>
  <div
    class="App"
    id="App"
  >
    <div
      class="page-host"
    >
      <div
        class="close drawer-container"
        id="sidebar"
        role="button"
        tabindex="0"
      >
        <div
          class="drawer"
          style="background-color: rgb(80, 80, 80);"
        >
          <div
            class="nav-list"
          >
            <a
              href="tel:5404447337"
              style="display: block; color: rgb(255, 255, 255); text-decoration: none; background-color: rgb(136, 18, 4); height: 72px; padding-top: 4px; margin-top: -1px;"
            >
              <h4
                class="material-header-h4-call"
                style="text-align: center; margin-right: 280px; padding-bottom: 0px; width: 200px;"
              >
                Call
                <br />
                540-444-7337
              </h4>
            </a>
            <div
              class="menu-item"
              style="background-color: black; margin: 8px;"
            >
              <p
                style="color: rgb(255, 255, 255); margin-bottom: 2px;"
              >
                <a
                  class="menu-hover"
                  href="https://goo.gl/maps/5G47ib81DGj7o2gk9"
                  style="color: rgb(69, 201, 255); text-decoration: none;"
                >
                  <span>
                    1601 Apperson Drive
                  </span>
                </a>
                <br />
                Salem, VA 24153
              </p>
            </div>
            <div
              class="menu-item"
            >
              <a
                class="nav-link"
                data-discover="true"
                href="/auto-maintenance"
              >
                <i
                  class=""
                />
                 
                <span
                  class="nav-item"
                >
                  Auto Maintenance
                </span>
              </a>
            </div>
            <div
              class="menu-item"
            >
              <a
                class="nav-link"
                data-discover="true"
                href="/general-auto-repair"
              >
                <i
                  class=""
                />
                 
                <span
                  class="nav-item"
                >
                  General Auto Repair
                </span>
              </a>
            </div>
            <div
              class="menu-item"
            >
              <a
                class="nav-link"
                data-discover="true"
                href="/major-auto-repair"
              >
                <i
                  class=""
                />
                 
                <span
                  class="nav-item"
                >
                  Major Auto Repair
                </span>
              </a>
            </div>
            <div
              class="menu-item"
            >
              <a
                class="nav-link"
                data-discover="true"
                href="/contact"
              >
                <i
                  class=""
                />
                 
                <span
                  class="nav-item"
                >
                  Contact
                </span>
              </a>
            </div>
            <div
              class="menu-item"
            >
              <a
                class="nav-link"
                data-discover="true"
                href="/"
              >
                <i
                  class=""
                />
                 
                <span
                  class="nav-item"
                >
                  Home
                </span>
              </a>
            </div>
          </div>
        </div>
      </div>
      <div
        class="main-panel"
      >
        <span
          aria-label="Toggle menu"
          id="mobilemenutoggle"
          role="button"
          tabindex="0"
        >
          <i
            class="fas fa-bars fa-2x"
          />
        </span>
        <div
          class="mainPanel"
        >
          <div
            class="swipe-area"
          />
          <div
            class="material-header"
            id="header"
          >
            <div
              class="headercontent"
            />
            <div>
              <div
                style="margin-left: 5px; margin-top: 1px;"
              >
                <img
                  alt="headerlogo"
                  class="style-scope iron-image"
                  id="ig"
                  src="https://dl.dropboxusercontent.com/s/qg69q7f5so4aqsb/appAutoLogo.png?dl=0"
                  width="272px"
                />
              </div>
            </div>
          </div>
          <div
            class="content-block"
            id="contentBlock"
            style="width: auto;"
          >
            <div>
              <div>
                <div
                  class="col"
                  style="padding: 0px;"
                >
                  <div
                    id="familySlideshowWide"
                    style="display: flex; flex-direction: column; max-width: 100%;"
                  >
                    <div>
                      <div
                        class="slick-slider slick-initialized"
                        dir="ltr"
                      >
                        <div
                          class="slick-list"
                        >
                          <div
                            class="slick-track"
                            style="opacity: 1;"
                          >
                            <div
                              aria-hidden="false"
                              class="slick-slide slick-active slick-current"
                              data-index="0"
                              style="outline: none; width: 0px; position: relative; left: 0px; opacity: 1; z-index: 999; transition: opacity 1000ms ease, visibility 1000ms ease;"
                              tabindex="-1"
                            >
                              <div>
                                <div
                                  style="width: 100%; display: inline-block;"
                                  tabindex="-1"
                                >
                                   
                                  <img
                                    class="slide-images"
                                    src="https://dl.dropboxusercontent.com/scl/fi/q83bcnvyyla2zavixfc5m/2-Jimmy-sized.jpg?rlkey=wecrucndun8vtj9gxcblo42l1&dl=0"
                                  />
                                   
                                </div>
                              </div>
                            </div>
                            <div
                              aria-hidden="true"
                              class="slick-slide"
                              data-index="1"
                              style="outline: none; width: 0px; position: relative; left: 0px; opacity: 0; z-index: 998; transition: opacity 1000ms ease, visibility 1000ms ease;"
                              tabindex="-1"
                            >
                              <div>
                                <div
                                  style="width: 100%; display: inline-block;"
                                  tabindex="-1"
                                >
                                   
                                  <img
                                    class="slide-images"
                                    src="../../static/imgs/photo3.png"
                                  />
                                   
                                </div>
                              </div>
                            </div>
                            <div
                              aria-hidden="true"
                              class="slick-slide"
                              data-index="2"
                              style="outline: none; width: 0px; position: relative; left: 0px; opacity: 0; z-index: 998; transition: opacity 1000ms ease, visibility 1000ms ease;"
                              tabindex="-1"
                            >
                              <div>
                                <div
                                  style="width: 100%; display: inline-block;"
                                  tabindex="-1"
                                >
                                   
                                  <img
                                    class="slide-images"
                                    src="../../static/imgs/photo4.png"
                                  />
                                   
                                </div>
                              </div>
                            </div>
                            <div
                              aria-hidden="true"
                              class="slick-slide"
                              data-index="3"
                              style="outline: none; width: 0px; position: relative; left: 0px; opacity: 0; z-index: 998; transition: opacity 1000ms ease, visibility 1000ms ease;"
                              tabindex="-1"
                            >
                              <div>
                                <div
                                  style="width: 100%; display: inline-block;"
                                  tabindex="-1"
                                >
                                   
                                  <img
                                    class="slide-images"
                                    src="../../static/imgs/photo9.png"
                                  />
                                   
                                </div>
                              </div>
                            </div>
                            <div
                              aria-hidden="true"
                              class="slick-slide"
                              data-index="4"
                              style="outline: none; width: 0px; position: relative; left: 0px; opacity: 0; z-index: 998; transition: opacity 1000ms ease, visibility 1000ms ease;"
                              tabindex="-1"
                            >
                              <div>
                                <div
                                  style="width: 100%; display: inline-block;"
                                  tabindex="-1"
                                >
                                   
                                  <img
                                    class="slide-images"
                                    src="https://dl.dropboxusercontent.com/scl/fi/qmy8rex28nlhgdv1qblqo/5-red-truck-lifted-sized.jpg?rlkey=j10z4papyvkcwc5tt8vz3hyiv&dl=0"
                                  />
                                   
                                </div>
                              </div>
                            </div>
                            <div
                              aria-hidden="true"
                              class="slick-slide"
                              data-index="5"
                              style="outline: none; width: 0px; position: relative; left: 0px; opacity: 0; z-index: 998; transition: opacity 1000ms ease, visibility 1000ms ease;"
                              tabindex="-1"
                            >
                              <div>
                                <div
                                  style="width: 100%; display: inline-block;"
                                  tabindex="-1"
                                >
                                   
                                  <img
                                    class="slide-images"
                                    src="https://dl.dropboxusercontent.com/scl/fi/m90mkgijgfiihffnqttak/6-Dave-sized.jpg?rlkey=jfd4ov320qvlwuzbh8l87xxnv&dl=0"
                                  />
                                   
                                </div>
                              </div>
                            </div>
                            <div
                              aria-hidden="true"
                              class="slick-slide"
                              data-index="6"
                              style="outline: none; width: 0px; position: relative; left: 0px; opacity: 0; z-index: 998; transition: opacity 1000ms ease, visibility 1000ms ease;"
                              tabindex="-1"
                            >
                              <div>
                                <div
                                  style="width: 100%; display: inline-block;"
                                  tabindex="-1"
                                >
                                   
                                  <img
                                    class="slide-images"
                                    src="https://dl.dropboxusercontent.com/scl/fi/o7699nrg7g69pfawlcw01/7-New-Front-cleaned-up-sized.jpg?rlkey=agnez1fuos4cnk03abpsu9rpj&dl=0"
                                  />
                                   
                                </div>
                              </div>
                            </div>
                            <div
                              aria-hidden="true"
                              class="slick-slide"
                              data-index="7"
                              style="outline: none; width: 0px; position: relative; left: 0px; opacity: 0; z-index: 998; transition: opacity 1000ms ease, visibility 1000ms ease;"
                              tabindex="-1"
                            >
                              <div>
                                <div
                                  style="width: 100%; display: inline-block;"
                                  tabindex="-1"
                                >
                                   
                                  <img
                                    class="slide-images"
                                    src="https://dl.dropboxusercontent.com/scl/fi/mcv2sjtdxc4z7i627c9os/8-Guy-1-sized.jpg?rlkey=wusoimwz4a5n3n2q4nf6q7d22&dl=0"
                                  />
                                   
                                </div>
                              </div>
                            </div>
                            <div
                              aria-hidden="true"
                              class="slick-slide"
                              data-index="8"
                              style="outline: none; width: 0px; position: relative; left: 0px; opacity: 0; z-index: 998; transition: opacity 1000ms ease, visibility 1000ms ease;"
                              tabindex="-1"
                            >
                              <div>
                                <div
                                  style="width: 100%; display: inline-block;"
                                  tabindex="-1"
                                >
                                   
                                  <img
                                    class="slide-images"
                                    src="https://dl.dropboxusercontent.com/scl/fi/ype1xag5txc52jngbvk3n/10-Guy-2-sized.jpg?rlkey=vuz9m9el3it1mv2h0j0h2g799&dl=0"
                                  />
                                   
                                </div>
                              </div>
                            </div>
                            <div
                              aria-hidden="true"
                              class="slick-slide"
                              data-index="9"
                              style="outline: none; width: 0px; position: relative; left: 0px; opacity: 0; z-index: 998; transition: opacity 1000ms ease, visibility 1000ms ease;"
                              tabindex="-1"
                            >
                              <div>
                                <div
                                  style="width: 100%; display: inline-block;"
                                  tabindex="-1"
                                >
                                   
                                  <img
                                    class="slide-images"
                                    src="https://dl.dropboxusercontent.com/scl/fi/zki5v56nkvchuk77bhdfd/11-lounge-2-sized.jpg?rlkey=9jd0us9dn537fzdg33b1iw0kq&dl=0"
                                  />
                                   
                                </div>
                              </div>
                            </div>
                            <div
                              aria-hidden="true"
                              class="slick-slide"
                              data-index="10"
                              style="outline: none; width: 0px; position: relative; left: 0px; opacity: 0; z-index: 998; transition: opacity 1000ms ease, visibility 1000ms ease;"
                              tabindex="-1"
                            >
                              <div>
                                <div
                                  style="width: 100%; display: inline-block;"
                                  tabindex="-1"
                                >
                                   
                                  <img
                                    class="slide-images"
                                    src="https://dl.dropboxusercontent.com/scl/fi/u4fu6oq4pyyxy4y7sh8fg/12-Guy-3-sized.jpg?rlkey=a9fzx4pz1udaxrgfkls88fmkv&dl=0"
                                  />
                                   
                                </div>
                              </div>
                            </div>
                            <div
                              aria-hidden="true"
                              class="slick-slide"
                              data-index="11"
                              style="outline: none; width: 0px; position: relative; left: 0px; opacity: 0; z-index: 998; transition: opacity 1000ms ease, visibility 1000ms ease;"
                              tabindex="-1"
                            >
                              <div>
                                <div
                                  style="width: 100%; display: inline-block;"
                                  tabindex="-1"
                                >
                                   
                                  <img
                                    class="slide-images"
                                    src="https://dl.dropboxusercontent.com/scl/fi/i7we05d2zjt3y3jooeytd/13-front-door-sized.jpg?rlkey=0t39sbm309hjvvt3u3jl0oyk8&dl=0"
                                  />
                                   
                                </div>
                              </div>
                            </div>
                            <div
                              aria-hidden="true"
                              class="slick-slide"
                              data-index="12"
                              style="outline: none; width: 0px; position: relative; left: 0px; opacity: 0; z-index: 998; transition: opacity 1000ms ease, visibility 1000ms ease;"
                              tabindex="-1"
                            >
                              <div>
                                <div
                                  style="width: 100%; display: inline-block;"
                                  tabindex="-1"
                                >
                                   
                                  <img
                                    class="slide-images"
                                    src="https://dl.dropboxusercontent.com/scl/fi/b1him8c3eefavdcn1hezw/14-Guy-4-sized.jpg?rlkey=dptv8ipthupj8wsby0xaxg68j&dl=0"
                                  />
                                   
                                </div>
                              </div>
                            </div>
                            <div
                              aria-hidden="true"
                              class="slick-slide"
                              data-index="13"
                              style="outline: none; width: 0px; position: relative; left: 0px; opacity: 0; z-index: 998; transition: opacity 1000ms ease, visibility 1000ms ease;"
                              tabindex="-1"
                            >
                              <div>
                                <div
                                  style="width: 100%; display: inline-block;"
                                  tabindex="-1"
                                >
                                   
                                  <img
                                    class="slide-images"
                                    src="https://dl.dropboxusercontent.com/scl/fi/23hau5oaxf3jqnofc4qjk/Front-sized.jpg?rlkey=lv5xkmkm3ptg7vkuyhgbsqrwr&dl=0"
                                  />
                                   
                                </div>
                              </div>
                            </div>
                          </div>
                        </div>
                      </div>
                    </div>
                  </div>
                </div>
              </div>
              <div
                class="container-fluid"
              >
                <span
                  class="top"
                />
                <div
                  class="row"
                >
                  <div
                    class="col"
                    style="top: 0px; padding-right: 6px; margin-left: 5px;"
                  >
                    <h4
                      class="pagetitle"
                      style="margin-top: 25px; font-weight: bold; font-size: 16pt;"
                    >
                      Your one stop auto shop where honesty, quality work, and fair pricing are guaranteed
                    </h4>
                    <p>
                       
                    </p>
                    <div>
                      <p>
                        Are you looking for well qualified mechanics? Look no further!
                        <br />
                        We have more than
                         
                        <strong>
                          150 years of combined experience
                        </strong>
                        !
                      </p>
                      <p>
                        Take advantage of our
                        <br />
                        <strong>
                          FREE high mileage / vacation vehicle check over
                        </strong>
                        .
                      </p>
                    </div>
                    <h4
                      style="margin-top: 40px;"
                    >
                      Apperson Automotive - Salem, VA Auto Repair Service
                    </h4>
                    <p>
                      <strong>
                        Quality service for your vehicle (not limited to):
                      </strong>
                    </p>
                    <ul>
                      <li>
                        State inspections
                      </li>
                      <li>
                        Alignments
                      </li>
                      <li>
                        Tune ups
                      </li>
                      <li>
                        Oil changes
                      </li>
                      <li>
                        Coolant flush
                      </li>
                    </ul>
                    <div>
                      <p>
                        <strong>
                          Get to Know Apperson Automotive:
                        </strong>
                      </p>
                      <ul>
                        <li>
                          <a
                            href="/auto-maintenance"
                            title="Apperson Automotive Auto Maintenance"
                          >
                            Auto Maintenance
                          </a>
                           
                          – Let us handle your oil change, coolant flushes, alignments, and more
                        </li>
                        <li>
                          <a
                            href="/general-auto-repair"
                            title="Apperson Automotive General Auto Repair"
                          >
                            General Auto Repair
                          </a>
                           
                          – General repairs for includes (not limited to) brake calipers, window motors, regulators, and starters
                        </li>
                        <li>
                          <a
                            href="/major-auto-repair"
                            title="Apperson Automotive Major Auto Repair"
                          >
                            Major Auto Repair
                          </a>
                           
                          – We’ll handle your steering rack issues, intake gasket repairs, heat and air system problems, and much more
                        </li>
                      </ul>
                      <p>
                        We’ll repair any make or model vehicle you have.
                      </p>
                      <p>
                        To schedule your FREE high mileage or vacation vehicle check over, call Apperson Automotive at
                         
                        <a
                          href="tel:5404447337"
                          style="text-decoration: none;"
                        >
                          540-444-7337
                        </a>
                        <br />
                        You can also stop by at 1601 Apperson Drive, Salem VA 24153.
                      </p>
                    </div>
                    <div
                      style="width: 295px; margin: auto;"
                    >
                      <img
                        alt="graphic coupon"
                        id="coupon"
                        src="../static/imgs/banner5.png"
                      />
                    </div>
                  </div>
                </div>
              </div>
            </div>
            <div
              class="footer"
              id="wjfooter"
              style="margin-top: 20px; padding-top: 20px; padding-bottom: 20px; bottom: 0px;"
            >
              <div
                class="footerLinks"
                style="text-align: center; padding: 6px;"
              >
                <a
                  aria-label="Facebook"
                  href="https://www.facebook.com/pages/Apperson-Automotive/361511727202422"
                >
                  <i
                    aria-hidden="true"
                    class="fab fa-facebook-square fa-2x"
                    style="color: rgb(69, 201, 255);"
                  />
                </a>
                <a
                  href="https://www.yellowpages.com/salem-va/mip/apperson-automotive-482421530"
                  style="margin-left: 40px;"
                >
                  <img
                    alt="yellowpages"
                    src="https://insightmg.com/wp-content/uploads/2015/12/YP_Insight-Marketing-Group_Marketing-for-Medical-Practices.png"
                    style="margin-bottom: 15px; vertical-align: middle;"
                    width="40px"
                  />
                </a>
                <a
                  href="https://www.yelp.com/biz/apperson-automotive-salem"
                  style="margin-left: 30px;"
                >
                  <img
                    alt="yelp"
                    src="https://dl.dropboxusercontent.com/s/pb5qn5wyps6k56t/yelp-logo-icon-7.jpg?dl=0"
                    style="margin-bottom: 15px; vertical-align: middle;"
                    width="40px"
                  />
                </a>
              </div>
              <div
                style="text-align: center; padding: 6px;"
              >
                <span
                  class="nohover"
                >
                  Powered by  
                </span>
                <a
                  class="wjllc"
                  href="https://www.web-jam.com"
                  rel="noopener noreferrer"
                  target="_blank"
                >
                  Web Jam LLC
                </a>
              </div>
            </div>
          </div>
        </div>
      </div>
    </div>
  </div>
</div>
`;
