// Vitest Snapshot v1, https://vitest.dev/guide/snapshot.html

exports[`Footer > renders component 1`] = `
<div>
  <div
    class="footer"
    id="wjfooter"
    style="margin-top: 20px; padding-top: 20px; padding-bottom: 20px; bottom: 0px;"
  >
    <div
      class="footerLinks"
      style="text-align: center; padding: 6px;"
    >
      <a
        aria-label="Facebook"
        href="https://www.facebook.com/pages/Apperson-Automotive/361511727202422"
      >
        <i
          aria-hidden="true"
          class="fab fa-facebook-square fa-2x"
          style="color: rgb(69, 201, 255);"
        />
      </a>
      <a
        href="https://www.yellowpages.com/salem-va/mip/apperson-automotive-482421530"
        style="margin-left: 40px;"
      >
        <img
          alt="yellowpages"
          src="https://insightmg.com/wp-content/uploads/2015/12/YP_Insight-Marketing-Group_Marketing-for-Medical-Practices.png"
          style="margin-bottom: 15px; vertical-align: middle;"
          width="40px"
        />
      </a>
      <a
        href="https://www.yelp.com/biz/apperson-automotive-salem"
        style="margin-left: 30px;"
      >
        <img
          alt="yelp"
          src="https://dl.dropboxusercontent.com/s/pb5qn5wyps6k56t/yelp-logo-icon-7.jpg?dl=0"
          style="margin-bottom: 15px; vertical-align: middle;"
          width="40px"
        />
      </a>
    </div>
    <div
      style="text-align: center; padding: 6px;"
    >
      <span
        class="nohover"
      >
        Powered by  
      </span>
      <a
        class="wjllc"
        href="https://www.web-jam.com"
        rel="noopener noreferrer"
        target="_blank"
      >
        Web Jam LLC
      </a>
    </div>
  </div>
</div>
`;
