// Vitest Snapshot v1, https://vitest.dev/guide/snapshot.html

exports[`picture slider component test > renders the component 1`] = `
<div>
  <div>
    <div
      class="slick-slider slick-initialized"
      dir="ltr"
    >
      <div
        class="slick-list"
      >
        <div
          class="slick-track"
          style="opacity: 1;"
        >
          <div
            aria-hidden="false"
            class="slick-slide slick-active slick-current"
            data-index="0"
            style="outline: none; width: 0px; position: relative; left: 0px; opacity: 1; z-index: 999; transition: opacity 1000ms ease, visibility 1000ms ease;"
            tabindex="-1"
          >
            <div>
              <div
                style="width: 100%; display: inline-block;"
                tabindex="-1"
              >
                 
                <img
                  class="slide-images"
                  src="../static/imgs/ohaf/slideshow2.png"
                />
                 
                <div
                  class="slider-caption"
                  style="text-align: center; font-weight: 600; padding: 15px 0px; box-shadow: 0 4px 5px 0 rgba(0, 0, 0, 0.14), 0 1px 10px 0 rgba(0, 0, 0, 0.12), 0 2px 4px -1px rgba(0, 0, 0, 0.14); background-color: rgb(255, 255, 255); margin-bottom: 10px;"
                >
                   
                   
                </div>
              </div>
            </div>
          </div>
          <div
            aria-hidden="true"
            class="slick-slide"
            data-index="1"
            style="outline: none; width: 0px; position: relative; left: 0px; opacity: 0; z-index: 998; transition: opacity 1000ms ease, visibility 1000ms ease;"
            tabindex="-1"
          >
            <div>
              <div
                style="width: 100%; display: inline-block;"
                tabindex="-1"
              >
                 
                <img
                  class="slide-images"
                  src="../static/imgs/ohaf/slideshow3.png"
                />
                 
              </div>
            </div>
          </div>
          <div
            aria-hidden="true"
            class="slick-slide"
            data-index="2"
            style="outline: none; width: 0px; position: relative; left: 0px; opacity: 0; z-index: 998; transition: opacity 1000ms ease, visibility 1000ms ease;"
            tabindex="-1"
          >
            <div>
              <div
                style="width: 100%; display: inline-block;"
                tabindex="-1"
              >
                 
                <img
                  class="slide-images"
                  src="../static/imgs/ohaf/slideshow4.png"
                />
                 
              </div>
            </div>
          </div>
          <div
            aria-hidden="true"
            class="slick-slide"
            data-index="3"
            style="outline: none; width: 0px; position: relative; left: 0px; opacity: 0; z-index: 998; transition: opacity 1000ms ease, visibility 1000ms ease;"
            tabindex="-1"
          >
            <div>
              <div
                style="width: 100%; display: inline-block;"
                tabindex="-1"
              >
                 
                <img
                  class="slide-images"
                  src="../static/imgs/ohaf/slideshow5.png"
                />
                 
              </div>
            </div>
          </div>
          <div
            aria-hidden="true"
            class="slick-slide"
            data-index="4"
            style="outline: none; width: 0px; position: relative; left: 0px; opacity: 0; z-index: 998; transition: opacity 1000ms ease, visibility 1000ms ease;"
            tabindex="-1"
          >
            <div>
              <div
                style="width: 100%; display: inline-block;"
                tabindex="-1"
              >
                 
                <img
                  class="slide-images"
                  src="../static/imgs/ohaf/slideshow6.png"
                />
                 
              </div>
            </div>
          </div>
        </div>
      </div>
    </div>
  </div>
</div>
`;
